---
source: src/df_vector/tests.rs
expression: tree_str
---
┌───────────────────────────┐
│       ProjectionExec      │
│    --------------------   │
│           id: id          │
└─────────────┬─────────────┘
┌─────────────┴─────────────┐
│       VectorTopKExec      │
│    --------------------   │
│     batches_fetched: 1    │
│     candidate_rows: 6     │
│        column: vec        │
│   embeddings_fetched: 3   │
│      index_used: true     ├──────────────┐
│            k: 2           │              │
│         nprobe: 64        │              │
│        query_dim: 2       │              │
│                           │              │
│        vector_topk        │              │
└─────────────┬─────────────┘              │
┌─────────────┴─────────────┐┌─────────────┴─────────────┐
│    VectorIndexScanExec    ││         FilterExec        │
│    --------------------   ││    --------------------   │
│        column: vec        ││     predicate: id >= 3    │
│         nprobe: 64        ││                           │
│        query_dim: 2       ││                           │
│                           ││                           │
│     vector_index_scan     ││                           │
└───────────────────────────┘└─────────────┬─────────────┘
                             ┌─────────────┴─────────────┐
                             │      RepartitionExec      │
                             │    --------------------   │
                             │ partition_count(in->out): │
                             │           1 -> 2          │
                             │                           │
                             │    partitioning_scheme:   │
                             │     RoundRobinBatch(2)    │
                             └─────────────┬─────────────┘
                             ┌─────────────┴─────────────┐
                             │       DataSourceExec      │
                             │    --------------------   │
                             │          files: 1         │
                             │      format: parquet      │
                             │     predicate: id >= 3    │
                             └───────────────────────────┘
