---
source: src/df_vector/tests.rs
expression: tree_str
---
┌───────────────────────────┐
│       ProjectionExec      │
│    --------------------   │
│        title: title       │
└─────────────┬─────────────┘
┌─────────────┴─────────────┐
│       VectorTopKExec      │
│    --------------------   │
│     batches_fetched: 1    │
│     column: embedding     │
│                           │
│    embeddings_fetched:    │
│            496            │
│                           ├──────────────┐
│            k: 3           │              │
│    max_candidates: 2048   │              │
│         nprobe: 32        │              │
│      query_dim: 4096      │              │
│                           │              │
│        vector_topk        │              │
└─────────────┬─────────────┘              │
┌─────────────┴─────────────┐┌─────────────┴─────────────┐
│    VectorIndexScanExec    ││       DataSourceExec      │
│    --------------------   ││    --------------------   │
│    candidate_rows: 496    ││          files: 1         │
│          files: 1         ││      format: parquet      │
│      files_scanned: 1     ││                           │
│                           ││                           │
│     vector_index_scan     ││                           │
└───────────────────────────┘└───────────────────────────┘
